------------------------------------------------------------
Timing Analyzer Summary
------------------------------------------------------------

Type  : Slow 1200mV 85C Model Setup 'clk'
Slack : -15.523
TNS   : -47092.622

Type  : Slow 1200mV 85C Model Setup 'practica2:b2v_inst_practica2|div_freq:inst2|temporal'
Slack : 0.147
TNS   : 0.000

Type  : Slow 1200mV 85C Model Hold 'practica2:b2v_inst_practica2|div_freq:inst2|temporal'
Slack : 0.358
TNS   : 0.000

Type  : Slow 1200mV 85C Model Hold 'clk'
Slack : 0.556
TNS   : 0.000

Type  : Slow 1200mV 85C Model Minimum Pulse Width 'clk'
Slack : -3.000
TNS   : -4261.000

Type  : Slow 1200mV 85C Model Minimum Pulse Width 'practica2:b2v_inst_practica2|div_freq:inst2|temporal'
Slack : -1.000
TNS   : -2.000

Type  : Slow 1200mV 0C Model Setup 'clk'
Slack : -13.744
TNS   : -42027.823

Type  : Slow 1200mV 0C Model Setup 'practica2:b2v_inst_practica2|div_freq:inst2|temporal'
Slack : 0.233
TNS   : 0.000

Type  : Slow 1200mV 0C Model Hold 'practica2:b2v_inst_practica2|div_freq:inst2|temporal'
Slack : 0.312
TNS   : 0.000

Type  : Slow 1200mV 0C Model Hold 'clk'
Slack : 0.498
TNS   : 0.000

Type  : Slow 1200mV 0C Model Minimum Pulse Width 'clk'
Slack : -3.000
TNS   : -4261.000

Type  : Slow 1200mV 0C Model Minimum Pulse Width 'practica2:b2v_inst_practica2|div_freq:inst2|temporal'
Slack : -1.000
TNS   : -2.000

Type  : Fast 1200mV 0C Model Setup 'clk'
Slack : -8.312
TNS   : -25479.764

Type  : Fast 1200mV 0C Model Setup 'practica2:b2v_inst_practica2|div_freq:inst2|temporal'
Slack : 0.518
TNS   : 0.000

Type  : Fast 1200mV 0C Model Hold 'practica2:b2v_inst_practica2|div_freq:inst2|temporal'
Slack : 0.187
TNS   : 0.000

Type  : Fast 1200mV 0C Model Hold 'clk'
Slack : 0.296
TNS   : 0.000

Type  : Fast 1200mV 0C Model Minimum Pulse Width 'clk'
Slack : -3.000
TNS   : -4504.540

Type  : Fast 1200mV 0C Model Minimum Pulse Width 'practica2:b2v_inst_practica2|div_freq:inst2|temporal'
Slack : -1.000
TNS   : -2.000

------------------------------------------------------------
