------------------------------------------------------------
TimeQuest Timing Analyzer Summary
------------------------------------------------------------

Type  : Slow 1200mV 85C Model Setup 'clk'
Slack : -10.751
TNS   : -33080.992

Type  : Slow 1200mV 85C Model Setup 'practica2:b2v_inst_practica2|div_freq:inst2|temporal'
Slack : 0.155
TNS   : 0.000

Type  : Slow 1200mV 85C Model Hold 'practica2:b2v_inst_practica2|div_freq:inst2|temporal'
Slack : 0.358
TNS   : 0.000

Type  : Slow 1200mV 85C Model Hold 'clk'
Slack : 0.555
TNS   : 0.000

Type  : Slow 1200mV 85C Model Minimum Pulse Width 'clk'
Slack : -3.000
TNS   : -4229.000

Type  : Slow 1200mV 85C Model Minimum Pulse Width 'practica2:b2v_inst_practica2|div_freq:inst2|temporal'
Slack : -1.000
TNS   : -2.000

Type  : Slow 1200mV 0C Model Setup 'clk'
Slack : -9.581
TNS   : -29510.182

Type  : Slow 1200mV 0C Model Setup 'practica2:b2v_inst_practica2|div_freq:inst2|temporal'
Slack : 0.242
TNS   : 0.000

Type  : Slow 1200mV 0C Model Hold 'practica2:b2v_inst_practica2|div_freq:inst2|temporal'
Slack : 0.311
TNS   : 0.000

Type  : Slow 1200mV 0C Model Hold 'clk'
Slack : 0.498
TNS   : 0.000

Type  : Slow 1200mV 0C Model Minimum Pulse Width 'clk'
Slack : -3.000
TNS   : -4229.000

Type  : Slow 1200mV 0C Model Minimum Pulse Width 'practica2:b2v_inst_practica2|div_freq:inst2|temporal'
Slack : -1.000
TNS   : -2.000

Type  : Fast 1200mV 0C Model Setup 'clk'
Slack : -5.897
TNS   : -17498.592

Type  : Fast 1200mV 0C Model Setup 'practica2:b2v_inst_practica2|div_freq:inst2|temporal'
Slack : 0.526
TNS   : 0.000

Type  : Fast 1200mV 0C Model Hold 'practica2:b2v_inst_practica2|div_freq:inst2|temporal'
Slack : 0.188
TNS   : 0.000

Type  : Fast 1200mV 0C Model Hold 'clk'
Slack : 0.297
TNS   : 0.000

Type  : Fast 1200mV 0C Model Minimum Pulse Width 'clk'
Slack : -3.000
TNS   : -4471.242

Type  : Fast 1200mV 0C Model Minimum Pulse Width 'practica2:b2v_inst_practica2|div_freq:inst2|temporal'
Slack : -1.000
TNS   : -2.000

------------------------------------------------------------
