------------------------------------------------------------
TimeQuest Timing Analyzer Summary
------------------------------------------------------------

Type  : Slow 1200mV 85C Model Setup 'clk'
Slack : -7.309
TNS   : -867.448

Type  : Slow 1200mV 85C Model Setup 'practica2:b2v_inst_practica2|div_freq:inst2|temporal'
Slack : 0.154
TNS   : 0.000

Type  : Slow 1200mV 85C Model Hold 'practica2:b2v_inst_practica2|div_freq:inst2|temporal'
Slack : 0.359
TNS   : 0.000

Type  : Slow 1200mV 85C Model Hold 'clk'
Slack : 0.491
TNS   : 0.000

Type  : Slow 1200mV 85C Model Minimum Pulse Width 'clk'
Slack : -3.000
TNS   : -149.000

Type  : Slow 1200mV 85C Model Minimum Pulse Width 'practica2:b2v_inst_practica2|div_freq:inst2|temporal'
Slack : -1.000
TNS   : -2.000

Type  : Slow 1200mV 0C Model Setup 'clk'
Slack : -6.520
TNS   : -765.663

Type  : Slow 1200mV 0C Model Setup 'practica2:b2v_inst_practica2|div_freq:inst2|temporal'
Slack : 0.242
TNS   : 0.000

Type  : Slow 1200mV 0C Model Hold 'practica2:b2v_inst_practica2|div_freq:inst2|temporal'
Slack : 0.313
TNS   : 0.000

Type  : Slow 1200mV 0C Model Hold 'clk'
Slack : 0.432
TNS   : 0.000

Type  : Slow 1200mV 0C Model Minimum Pulse Width 'clk'
Slack : -3.000
TNS   : -149.000

Type  : Slow 1200mV 0C Model Minimum Pulse Width 'practica2:b2v_inst_practica2|div_freq:inst2|temporal'
Slack : -1.000
TNS   : -2.000

Type  : Fast 1200mV 0C Model Setup 'clk'
Slack : -3.770
TNS   : -433.775

Type  : Fast 1200mV 0C Model Setup 'practica2:b2v_inst_practica2|div_freq:inst2|temporal'
Slack : 0.525
TNS   : 0.000

Type  : Fast 1200mV 0C Model Hold 'practica2:b2v_inst_practica2|div_freq:inst2|temporal'
Slack : 0.187
TNS   : 0.000

Type  : Fast 1200mV 0C Model Hold 'clk'
Slack : 0.265
TNS   : 0.000

Type  : Fast 1200mV 0C Model Minimum Pulse Width 'clk'
Slack : -3.000
TNS   : -157.667

Type  : Fast 1200mV 0C Model Minimum Pulse Width 'practica2:b2v_inst_practica2|div_freq:inst2|temporal'
Slack : -1.000
TNS   : -2.000

------------------------------------------------------------
